// Jest Snapshot v1, https://goo.gl/fbAQLP

exports[`Navbar component render correctly Navbar component render 1`] = `
Object {
  "asFragment": [Function],
  "baseElement": <body>
    <div>
      <nav
        class="flex flex-wrap bg-blue-300 pl-4"
        id="navbar"
      >
        <a
          class="transition duration-500 hover:bg-white h-full pt-4 pr-2"
          href="/"
        >
          <p
            class="text-lg font-medium"
          >
            Home
          </p>
        </a>
        <a
          class="transition duration-500 hover:bg-white h-full pt-4 pr-2"
          href="/players"
        >
          <p
            class="text-lg font-medium"
          >
            Player List
          </p>
        </a>
        <a
          class="transition duration-500 hover:bg-white h-full pt-4 pr-2"
          href="/battle"
        >
          <p
            class="text-lg font-medium"
          >
            Battle
          </p>
        </a>
        <a
          class="transition duration-500 hover:bg-white h-full pt-4 pr-2"
          href="/setting"
        >
          <p
            class="text-lg font-medium"
          >
            Setting
          </p>
        </a>
        <a
          class="transition duration-500 hover:bg-white h-full pt-4 px-2 mr-1 ml-auto"
          href="/"
        >
          <p
            class="text-lg font-medium"
          >
            Logout
          </p>
        </a>
      </nav>
    </div>
  </body>,
  "container": <div>
    <nav
      class="flex flex-wrap bg-blue-300 pl-4"
      id="navbar"
    >
      <a
        class="transition duration-500 hover:bg-white h-full pt-4 pr-2"
        href="/"
      >
        <p
          class="text-lg font-medium"
        >
          Home
        </p>
      </a>
      <a
        class="transition duration-500 hover:bg-white h-full pt-4 pr-2"
        href="/players"
      >
        <p
          class="text-lg font-medium"
        >
          Player List
        </p>
      </a>
      <a
        class="transition duration-500 hover:bg-white h-full pt-4 pr-2"
        href="/battle"
      >
        <p
          class="text-lg font-medium"
        >
          Battle
        </p>
      </a>
      <a
        class="transition duration-500 hover:bg-white h-full pt-4 pr-2"
        href="/setting"
      >
        <p
          class="text-lg font-medium"
        >
          Setting
        </p>
      </a>
      <a
        class="transition duration-500 hover:bg-white h-full pt-4 px-2 mr-1 ml-auto"
        href="/"
      >
        <p
          class="text-lg font-medium"
        >
          Logout
        </p>
      </a>
    </nav>
  </div>,
  "debug": [Function],
  "findAllByAltText": [Function],
  "findAllByDisplayValue": [Function],
  "findAllByLabelText": [Function],
  "findAllByPlaceholderText": [Function],
  "findAllByRole": [Function],
  "findAllByTestId": [Function],
  "findAllByText": [Function],
  "findAllByTitle": [Function],
  "findByAltText": [Function],
  "findByDisplayValue": [Function],
  "findByLabelText": [Function],
  "findByPlaceholderText": [Function],
  "findByRole": [Function],
  "findByTestId": [Function],
  "findByText": [Function],
  "findByTitle": [Function],
  "getAllByAltText": [Function],
  "getAllByDisplayValue": [Function],
  "getAllByLabelText": [Function],
  "getAllByPlaceholderText": [Function],
  "getAllByRole": [Function],
  "getAllByTestId": [Function],
  "getAllByText": [Function],
  "getAllByTitle": [Function],
  "getByAltText": [Function],
  "getByDisplayValue": [Function],
  "getByLabelText": [Function],
  "getByPlaceholderText": [Function],
  "getByRole": [Function],
  "getByTestId": [Function],
  "getByText": [Function],
  "getByTitle": [Function],
  "queryAllByAltText": [Function],
  "queryAllByDisplayValue": [Function],
  "queryAllByLabelText": [Function],
  "queryAllByPlaceholderText": [Function],
  "queryAllByRole": [Function],
  "queryAllByTestId": [Function],
  "queryAllByText": [Function],
  "queryAllByTitle": [Function],
  "queryByAltText": [Function],
  "queryByDisplayValue": [Function],
  "queryByLabelText": [Function],
  "queryByPlaceholderText": [Function],
  "queryByRole": [Function],
  "queryByTestId": [Function],
  "queryByText": [Function],
  "queryByTitle": [Function],
  "rerender": [Function],
  "unmount": [Function],
}
`;
