// Jest Snapshot v1, https://goo.gl/fbAQLP

exports[`Stats component render correctly Stats component render 1`] = `
Object {
  "asFragment": [Function],
  "baseElement": <body>
    <div>
      <ul
        class="flex flex-wrap border-l-2 border-t-2"
      >
        <div
          class="w-12/12 h-auto border-l-0 border-r-2 border-b-2 m-auto"
        >
          <img
            alt="Profile"
            src="profile_image.jpg"
          />
        </div>
        <li
          class="w-6/12 capitalize border-r-2 border-b-2"
        >
          name
           
          <span
            class="text-lg font-bold"
            id="skeleton"
          >
            <span>
              <span
                class="react-loading-skeleton css-1vmnjpn-skeletonStyles-Skeleton"
                style="width: 40px;"
              >
                ‌
              </span>
            </span>
          </span>
        </li>
        <li
          class="w-6/12 capitalize border-r-2 border-b-2"
        >
          title
           
          <span
            class="text-lg font-bold"
            id="skeleton"
          >
            <span>
              <span
                class="react-loading-skeleton css-1vmnjpn-skeletonStyles-Skeleton"
                style="width: 40px;"
              >
                ‌
              </span>
            </span>
          </span>
        </li>
        <li
          class="w-6/12 capitalize border-r-2 border-b-2"
        >
          HP
           
          <span
            class="text-lg font-bold"
            id="skeleton"
          >
            <span>
              <span
                class="react-loading-skeleton css-1vmnjpn-skeletonStyles-Skeleton"
                style="width: 40px;"
              >
                ‌
              </span>
            </span>
          </span>
        </li>
      </ul>
    </div>
  </body>,
  "container": <div>
    <ul
      class="flex flex-wrap border-l-2 border-t-2"
    >
      <div
        class="w-12/12 h-auto border-l-0 border-r-2 border-b-2 m-auto"
      >
        <img
          alt="Profile"
          src="profile_image.jpg"
        />
      </div>
      <li
        class="w-6/12 capitalize border-r-2 border-b-2"
      >
        name
         
        <span
          class="text-lg font-bold"
          id="skeleton"
        >
          <span>
            <span
              class="react-loading-skeleton css-1vmnjpn-skeletonStyles-Skeleton"
              style="width: 40px;"
            >
              ‌
            </span>
          </span>
        </span>
      </li>
      <li
        class="w-6/12 capitalize border-r-2 border-b-2"
      >
        title
         
        <span
          class="text-lg font-bold"
          id="skeleton"
        >
          <span>
            <span
              class="react-loading-skeleton css-1vmnjpn-skeletonStyles-Skeleton"
              style="width: 40px;"
            >
              ‌
            </span>
          </span>
        </span>
      </li>
      <li
        class="w-6/12 capitalize border-r-2 border-b-2"
      >
        HP
         
        <span
          class="text-lg font-bold"
          id="skeleton"
        >
          <span>
            <span
              class="react-loading-skeleton css-1vmnjpn-skeletonStyles-Skeleton"
              style="width: 40px;"
            >
              ‌
            </span>
          </span>
        </span>
      </li>
    </ul>
  </div>,
  "debug": [Function],
  "findAllByAltText": [Function],
  "findAllByDisplayValue": [Function],
  "findAllByLabelText": [Function],
  "findAllByPlaceholderText": [Function],
  "findAllByRole": [Function],
  "findAllByTestId": [Function],
  "findAllByText": [Function],
  "findAllByTitle": [Function],
  "findByAltText": [Function],
  "findByDisplayValue": [Function],
  "findByLabelText": [Function],
  "findByPlaceholderText": [Function],
  "findByRole": [Function],
  "findByTestId": [Function],
  "findByText": [Function],
  "findByTitle": [Function],
  "getAllByAltText": [Function],
  "getAllByDisplayValue": [Function],
  "getAllByLabelText": [Function],
  "getAllByPlaceholderText": [Function],
  "getAllByRole": [Function],
  "getAllByTestId": [Function],
  "getAllByText": [Function],
  "getAllByTitle": [Function],
  "getByAltText": [Function],
  "getByDisplayValue": [Function],
  "getByLabelText": [Function],
  "getByPlaceholderText": [Function],
  "getByRole": [Function],
  "getByTestId": [Function],
  "getByText": [Function],
  "getByTitle": [Function],
  "queryAllByAltText": [Function],
  "queryAllByDisplayValue": [Function],
  "queryAllByLabelText": [Function],
  "queryAllByPlaceholderText": [Function],
  "queryAllByRole": [Function],
  "queryAllByTestId": [Function],
  "queryAllByText": [Function],
  "queryAllByTitle": [Function],
  "queryByAltText": [Function],
  "queryByDisplayValue": [Function],
  "queryByLabelText": [Function],
  "queryByPlaceholderText": [Function],
  "queryByRole": [Function],
  "queryByTestId": [Function],
  "queryByText": [Function],
  "queryByTitle": [Function],
  "rerender": [Function],
  "unmount": [Function],
}
`;
